=============================================
 BELKA BASE V2 ANALYSIS
 2026-05-13T16:41:02Z
=============================================

========== 1. Checkpoint ==========
OK: model_006000.pt (732992567 bytes)
OK: meta_006000.json (1331 bytes)
OK: optim_006000_rank0.pt (1126627573 bytes)
CHECKPOINT_SHA256=eb05f27b153eac204fe3cd476fd2ec93f10cb80d006a9e95ba00cf69b1e2461d

========== 2. Metadata ==========
TRAIN_LOSS_FINAL=2.188109236611526
VAL_BPB=inf
MIN_VAL_BPB=inf
STEP=6000
TRAIN_TIME=4742.4891855716705
SEQ_LEN=2048
DEPTH=12
N_EMBD=768
VOCAB_SIZE=16000

========== 3. Training log ==========
TRAIN_LOG=/home/vadimohka/WORK/vadimohka/reports/owner_runs/04_train_base_v2_20260513T150539Z.log
