=============================================
 BELKA FINALIZE EXPANDED DATASET REPORT
 2026-05-13T14:06:48Z
=============================================
PACK_DIR=/home/vadimohka/WORK/vadimohka

OK: WORKSPACE_DIR=/home/vadimohka/WORK/vadimohka/.workspace
OK: NANOCHAT_DIR=/home/vadimohka/WORK/vadimohka/.workspace/nanochat
OK: NANOCHAT_BASE_DIR=/home/vadimohka/WORK/vadimohka/.workspace/nanochat_base
OK: LOCAL_TEXT_DIR=/home/vadimohka/WORK/vadimohka/data_input/be_texts
OK: DOWNLOAD_DIR=/home/vadimohka/WORK/vadimohka/data_input/downloads
OK: TMPDIR=/home/vadimohka/WORK/vadimohka/.workspace/tmp
OK: HF_HOME=/home/vadimohka/WORK/vadimohka/.workspace/hf_home
OK: WANDB_DIR=/home/vadimohka/WORK/vadimohka/.workspace/wandb
OK: repository containment guard passed

========== Artifact inventory ==========
FOUND /home/vadimohka/WORK/vadimohka/reports/source_filter_report.json
FOUND /home/vadimohka/WORK/vadimohka/reports/LICENSE_MANIFEST.json
FOUND /home/vadimohka/WORK/vadimohka/reports/data/dataset_size_audit_after_expand.json
FOUND /home/vadimohka/WORK/vadimohka/.workspace/nanochat_base/base_data_climbmix/train_00000.parquet
FOUND /home/vadimohka/WORK/vadimohka/.workspace/nanochat_base/base_data_climbmix/val_00000.parquet

========== Check dependencies ==========
pandas 2.3.2
pyarrow 21.0.0

========== Parquet stats ==========
TRAIN_PARQUET_EXISTS=YES
TRAIN_PARQUET_ROWS=303380
TRAIN_PARQUET_CHARS=594835538
TRAIN_PARQUET_SIZE_MB=478.4
VAL_PARQUET_EXISTS=YES
VAL_PARQUET_ROWS=6191
VAL_PARQUET_CHARS=6443482
VAL_PARQUET_SIZE_MB=4.1
RAW_SEEN=374424
TOTAL_ACCOUNTED=374424
ACCOUNTING_ASSERTION=PASS
ACCEPTED=309571
TARASK_SPLIT=PASS

========== Final report ==========
# Dataset Finalize Report

## Summary
- RAW_SEEN=374424
- TOTAL_ACCOUNTED=374424
- ACCOUNTING_ASSERTION=PASS
- ACCEPTED=309571
- TARASK_SPLIT=PASS

## Parquet
- TRAIN_PARQUET_EXISTS=YES
- TRAIN_PARQUET_ROWS=303380
- TRAIN_PARQUET_CHARS=594835538
- TRAIN_PARQUET_SIZE_MB=478.4
- VAL_PARQUET_EXISTS=YES
- VAL_PARQUET_ROWS=6191
- VAL_PARQUET_CHARS=6443482

## Status
- DATASET_SIZE_STATUS=OK_FOR_PROBE
- BOOKS_INCLUDED=YES
- BOOKS_RIGHTS=manual_review_required
- NEXT_FOR_USER="bash dist/owner_runs/03_OWNER_VRAM_PROBE.sh"


=============================================
 FINALIZE DONE
=============================================
FINALIZE_EXPANDED_DATASET_DONE=YES
TRAIN_PARQUET_EXISTS=YES
VAL_PARQUET_EXISTS=YES
DATASET_SIZE_STATUS=OK_FOR_PROBE
LOG=/home/vadimohka/WORK/vadimohka/reports/data/finalize_expanded_20260513T140648Z.log
REPORT=/home/vadimohka/WORK/vadimohka/reports/data/EXPAND_FROM_RAW_WIKIMEDIA_FINAL.md

NEXT_FOR_USER="bash dist/owner_runs/03_OWNER_VRAM_PROBE.sh"
